// Jest Snapshot v1, https://goo.gl/fbAQLP

exports[`Header component renders Header 1`] = `
<DocumentFragment>
  <div
    class="header"
  >
    <h1>
      Welcome!
    </h1>
  </div>
  <div>
    <a
      href="/"
    >
      <button>
        Home
      </button>
    </a>
  </div>
  <div>
    <input
      type="checkbox"
    />
  </div>
</DocumentFragment>
`;
